C:\Program Files\Microsoft Visual Studio\2022\Community\MSBuild\Microsoft\VC\v170\Microsoft.CppBuild.targets(538,5): warning MSB8028: The intermediate directory (x64\Debug\) contains files shared from another project (Level 11.vcxproj).  This can lead to incorrect clean and rebuild behavior.
  Main.cpp
E:\C++\Level 11\Bank System\Level 11\clsString.h(43,25): warning C4267: 'return': conversion from 'size_t' to 'short', possible loss of data
  (compiling source file 'Main.cpp')
  
E:\C++\Level 11\Bank System\Level 11\clsString.h(48,29): warning C4267: 'return': conversion from 'size_t' to 'short', possible loss of data
  (compiling source file 'Main.cpp')
  
E:\C++\Level 11\Bank System\Level 11\clsString.h(60,30): warning C4267: '=': conversion from 'size_t' to 'short', possible loss of data
  (compiling source file 'Main.cpp')
  
E:\C++\Level 11\Bank System\Level 11\clsString.h(197,29): warning C4267: 'return': conversion from 'size_t' to 'short', possible loss of data
  (compiling source file 'Main.cpp')
  
E:\C++\Level 11\Bank System\Level 11\clsString.h(328,30): warning C4267: '=': conversion from 'size_t' to 'short', possible loss of data
  (compiling source file 'Main.cpp')
  
E:\C++\Level 11\Bank System\Level 11\clsString.h(376,22): warning C4267: 'initializing': conversion from 'size_t' to 'short', possible loss of data
  (compiling source file 'Main.cpp')
  
E:\C++\Level 11\Bank System\Level 11\clsUtil.h(64,5): warning C4102: 'defualt': unreferenced label
  (compiling source file 'Main.cpp')
  
E:\C++\Level 11\Bank System\Level 11\clsUser.h(198,12): warning C4240: nonstandard extension used: access to 'clsUser::stLoginRegisterRecord' now defined to be 'public', previously it was defined to be 'private'
  (compiling source file 'Main.cpp')
      E:\C++\Level 11\Bank System\Level 11\clsUser.h(26,12):
      see declaration of 'clsUser::stLoginRegisterRecord'
  
E:\C++\Level 11\Bank System\Level 11\clsInputValidate.h(115,16): warning C4244: 'initializing': conversion from 'double' to 'float', possible loss of data
  (compiling source file 'Main.cpp')
  
E:\C++\Level 11\Bank System\Level 11\clsInputValidate.h(119,26): warning C4244: '=': conversion from 'double' to 'float', possible loss of data
  (compiling source file 'Main.cpp')
  
E:\C++\Level 11\Bank System\Level 11\clsBankClient.h(206,12): warning C4240: nonstandard extension used: access to 'clsBankClient::stTrnsferLogRecord' now defined to be 'public', previously it was defined to be 'private'
  (compiling source file 'Main.cpp')
      E:\C++\Level 11\Bank System\Level 11\clsBankClient.h(152,12):
      see declaration of 'clsBankClient::stTrnsferLogRecord'
  
E:\C++\Level 11\Bank System\Level 11\clsBankClient.h(28,65): warning C4244: 'argument': conversion from 'double' to 'float', possible loss of data
  (compiling source file 'Main.cpp')
  
E:\C++\Level 11\Bank System\Level 11\clsBankClient.h(162,39): warning C4244: '=': conversion from 'double' to 'float', possible loss of data
  (compiling source file 'Main.cpp')
  
E:\C++\Level 11\Bank System\Level 11\clsBankClient.h(163,48): warning C4244: '=': conversion from 'double' to 'float', possible loss of data
  (compiling source file 'Main.cpp')
  
E:\C++\Level 11\Bank System\Level 11\clsBankClient.h(164,49): warning C4244: '=': conversion from 'double' to 'float', possible loss of data
  (compiling source file 'Main.cpp')
  
E:\C++\Level 11\Bank System\Level 11\clsBankClient.h(421,28): warning C4244: '+=': conversion from 'double' to 'float', possible loss of data
  (compiling source file 'Main.cpp')
  
E:\C++\Level 11\Bank System\Level 11\clsBankClient.h(434,32): warning C4244: '-=': conversion from 'double' to 'float', possible loss of data
  (compiling source file 'Main.cpp')
  
E:\C++\Level 11\Bank System\Level 11\clsAddNewClientScreen.h(30,66): warning C4244: 'argument': conversion from 'double' to 'float', possible loss of data
  (compiling source file 'Main.cpp')
  
E:\C++\Level 11\Bank System\Level 11\clsUpsateClientScreen.h(47,66): warning C4244: 'argument': conversion from 'double' to 'float', possible loss of data
  (compiling source file 'Main.cpp')
  
E:\C++\Level 11\Bank System\Level 11\clsTotalBalancesScreen.h(57,82): warning C4244: 'argument': conversion from 'double' to 'int', possible loss of data
  (compiling source file 'Main.cpp')
  
E:\C++\Level 11\Bank System\Level 11\clsTransferScreen.h(42,51): warning C4244: '=': conversion from 'double' to 'float', possible loss of data
  (compiling source file 'Main.cpp')
  
E:\C++\Level 11\Bank System\Level 11\clsTransferScreen.h(47,53): warning C4244: '=': conversion from 'double' to 'float', possible loss of data
  (compiling source file 'Main.cpp')
  
E:\C++\Level 11\Bank System\Level 11\clsCurrency.h(27,17): warning C4244: 'argument': conversion from 'double' to 'float', possible loss of data
  (compiling source file 'Main.cpp')
  
E:\C++\Level 11\Bank System\Level 11\clsUpdateCurrencyRateScreen.h(17,52): warning C4244: '=': conversion from 'double' to 'float', possible loss of data
  (compiling source file 'Main.cpp')
  
E:\C++\Level 11\Bank System\Level 11\clsCurrencyCalculatorScreen.h(17,51): warning C4244: '=': conversion from 'double' to 'float', possible loss of data
  (compiling source file 'Main.cpp')
  
E:\C++\Level 11\Bank System\Level 11\clsLoginScreen.h(48,1): warning C4715: 'clsLoginScreen::_Login': not all control paths return a value
E:\C++\Level 11\Bank System\Level 11\clsBankClient.h(376,1): warning C4715: 'clsBankClient::Save': not all control paths return a value
E:\C++\Level 11\Bank System\Level 11\clsBankClient.h(438,1): warning C4715: 'clsBankClient::Withdraw': not all control paths return a value
E:\C++\Level 11\Bank System\Level 11\clsUser.h(360,1): warning C4715: 'clsUser::Save': not all control paths return a value
  Level 11.vcxproj -> E:\C++\Level 11\Bank System\x64\Debug\Bank System.exe
